#!/bin/bash
# DRAM KV offload worker (vLLM OffloadingConnector + CPUOffloadingSpec)
export CPATH="$HOME/local/usr/include:$HOME/local/usr/include/python3.10:$HOME/local/usr/include/x86_64-linux-gnu/python3.10:$CPATH"
source "$HOME/venvs/dynamo05_vllm019/bin/activate"
export ETCD_ENDPOINTS=http://192.168.5.62:2379
export NATS_SERVER=nats://192.168.5.62:4222
MODEL="${MODEL:-Qwen/Qwen3-14B}"; UTIL="${UTIL:-0.90}"; MML="${MML:-16384}"; MNS="${MNS:-16}"
CPU_GB="${CPU_GB:-64}"; TAG="${TAG:-s1}"; PORT="${PORT:-6880}"
LOGD="$HOME/vamp/logs"; mkdir -p "$LOGD"
CPU_BYTES=$(( CPU_GB * 1024 * 1024 * 1024 ))
KVCFG="{\"kv_connector\":\"OffloadingConnector\",\"kv_role\":\"kv_both\",\"kv_connector_extra_config\":{\"spec_name\":\"CPUOffloadingSpec\",\"cpu_bytes_to_use\":$CPU_BYTES,\"block_size_factor\":2,\"eviction_policy\":\"lru\"}}"
CUDA_VISIBLE_DEVICES=0 DYN_SYSTEM_ENABLED=true DYN_SYSTEM_PORT=$PORT \
  VAMP_STATS_FILE="$LOGD/wstats_${TAG}.jsonl" \
  exec python -m dynamo.vllm --model "$MODEL" \
    --kv-transfer-config "$KVCFG" \
    --gpu-memory-utilization "$UTIL" --max-model-len "$MML" --max-num-seqs "$MNS" \
    > "$LOGD/worker_${TAG}.log" 2>&1
